
Discarded input sections

 .text          0x0000000000000000        0x0 /tmp/cc8QQcDe.o
 .data          0x0000000000000000        0x0 /tmp/cc8QQcDe.o
 .bss           0x0000000000000000        0x0 /tmp/cc8QQcDe.o
 .debug_line    0x0000000000000000       0xc2 /tmp/cc8QQcDe.o
 .debug_line_str
                0x0000000000000000       0x70 /tmp/cc8QQcDe.o
 .debug_info    0x0000000000000000       0x24 /tmp/cc8QQcDe.o
 .debug_abbrev  0x0000000000000000       0x14 /tmp/cc8QQcDe.o
 .debug_aranges
                0x0000000000000000       0x20 /tmp/cc8QQcDe.o
 .debug_str     0x0000000000000000       0x5c /tmp/cc8QQcDe.o
 .eh_frame      0x0000000000000000       0x2c /tmp/cc8QQcDe.o
 .group         0x0000000000000000        0xc /tmp/ccot4NDN.o
 .group         0x0000000000000000        0xc /tmp/ccot4NDN.o
 .text          0x0000000000000000        0x0 /tmp/ccot4NDN.o
 .data          0x0000000000000000        0x0 /tmp/ccot4NDN.o
 .bss           0x0000000000000000        0x0 /tmp/ccot4NDN.o
 .debug_info    0x0000000000000000      0x173 /tmp/ccot4NDN.o
 .debug_abbrev  0x0000000000000000       0xbc /tmp/ccot4NDN.o
 .debug_loclists
                0x0000000000000000       0x3c /tmp/ccot4NDN.o
 .debug_aranges
                0x0000000000000000       0x30 /tmp/ccot4NDN.o
 .debug_rnglists
                0x0000000000000000       0x28 /tmp/ccot4NDN.o
 .debug_macro   0x0000000000000000       0x24 /tmp/ccot4NDN.o
 .debug_macro   0x0000000000000000      0x76c /tmp/ccot4NDN.o
 .debug_macro   0x0000000000000000      0x34e /tmp/ccot4NDN.o
 .debug_line    0x0000000000000000      0x1ad /tmp/ccot4NDN.o
 .debug_str     0x0000000000000000     0x3059 /tmp/ccot4NDN.o
 .debug_line_str
                0x0000000000000000      0x159 /tmp/ccot4NDN.o
 .debug_frame   0x0000000000000000       0x64 /tmp/ccot4NDN.o

Memory Configuration

Name             Origin             Length             Attributes
ROM              0x0000000014000000 0x0000000000800000 xr
RAM              0x0000000000000000 0x0000000000001000 xrw
*default*        0x0000000000000000 0xffffffffffffffff

Linker script and memory map

                0x0000000000000200                _stack_size = DEFINED (_stack_size)?_stack_size:0x200

.text           0x0000000014000000     0x1454
                0x0000000014000000                . = ALIGN (0x4)
                [!provide]                        PROVIDE (_stext = .)
 *(.vectors*)
 .vectors       0x0000000014000000       0x60 /tmp/cc8QQcDe.o
                0x0000000014000000                _start
 *(.rodata*)
 .rodata.paddingBuffer
                0x0000000014000060      0x3fd /tmp/ccot4NDN.o
                0x0000000014000060                paddingBuffer
 *(.srodata*)
 *(.text*)
 *fill*         0x000000001400045d        0x3 
 .text.primaryLoop
                0x0000000014000460       0x50 /tmp/ccot4NDN.o
                0x0000000014000460                primaryLoop
 .text.main     0x00000000140004b0       0x18 /tmp/ccot4NDN.o
                0x00000000140004b0                main
 *(.plt*)
 *(.interp*)
 *(.dynsym*)
 *(.dynstr*)
 *(.hash*)
 *(.gnu*)
 *(.eh_frame_hdr*)
 .eh_frame_hdr  0x00000000140004c8        0x0 /tmp/cc8QQcDe.o
 *(.rela*)
 .rela.vectors  0x00000000140004c8        0x0 /tmp/cc8QQcDe.o
                0x0000000014001000                . = ALIGN (0x1000)
 *fill*         0x00000000140004c8      0xb38 
 *(.page2*)
 .page2.secondaryLoop
                0x0000000014001000       0x54 /tmp/ccot4NDN.o
                0x0000000014001000                secondaryLoop
 .page2.paddingBuffer2
                0x0000000014001054      0x3fd /tmp/ccot4NDN.o
                0x0000000014001054                paddingBuffer2
                0x0000000014001454                . = ALIGN (0x4)
 *fill*         0x0000000014001451        0x3 
                0x0000000014001454                _etext = .
                0x0000000014001454                _sidata = _etext

.data           0x0000000000000000        0x0 load address 0x0000000014001454
                0x0000000000000000                . = ALIGN (0x4)
                0x0000000000000000                _sdata = .
                0x0000000000000800                PROVIDE (_global_pointer$ = (. + 0x800))
 *(.sdata .sdata.*)
 *(.rdata .rdata.*)
 *(.data .data.*)
                0x0000000000000000                . = ALIGN (0x4)
                0x0000000000000000                _edata = .

.bss            0x0000000000000000       0x10
                0x0000000000000000                . = ALIGN (0x4)
                0x0000000000000000                _sbss = .
 *(.sbss .sbss.*)
 .sbss.currentChar
                0x0000000000000000        0x1 /tmp/ccot4NDN.o
                0x0000000000000000                currentChar
 *fill*         0x0000000000000001        0x3 
 .sbss.primaryTotal
                0x0000000000000004        0x4 /tmp/ccot4NDN.o
                0x0000000000000004                primaryTotal
 .sbss.secondaryTotal
                0x0000000000000008        0x4 /tmp/ccot4NDN.o
                0x0000000000000008                secondaryTotal
 .sbss.state    0x000000000000000c        0x4 /tmp/ccot4NDN.o
                0x000000000000000c                state
 *(.bss .bss.*)
 *(COMMON)
                0x0000000000000010                . = ALIGN (0x4)
                0x0000000000000010                _ebss = .

.heap           0x0000000000000010        0x0
                0x0000000000000010                . = ALIGN (0x4)
                0x0000000000000010                _heap_start = .

.stack          0x0000000000000e00      0x200
                [!provide]                        PROVIDE (_heap_end = .)
                0x0000000000000200                . = _stack_size
 *fill*         0x0000000000000e00      0x200 
                0x0000000000001000                _stack_top = .
                [!provide]                        PROVIDE (_end = .)
LOAD /tmp/cc8QQcDe.o
LOAD /tmp/ccot4NDN.o
OUTPUT(userSpaceFlash.elf elf32-littleriscv)

.comment        0x0000000000000000        0xf
 .comment       0x0000000000000000        0xf /tmp/ccot4NDN.o
                                         0x10 (size before relaxing)

.note.GNU-stack
                0x0000000000000000        0x0
 .note.GNU-stack
                0x0000000000000000        0x0 /tmp/ccot4NDN.o
