Archive member included to satisfy reference by file (symbol)

/foss/tools/riscv-gnu-toolchain-rv32i/217e7f3debe424d61374d31e33a091a630535937/lib/gcc/riscv32-unknown-linux-gnu/11.1.0/libgcc.a(_udivdi3.o)
                              /tmp/cceo5wv5.o (__udivdi3)
/foss/tools/riscv-gnu-toolchain-rv32i/217e7f3debe424d61374d31e33a091a630535937/lib/gcc/riscv32-unknown-linux-gnu/11.1.0/libgcc.a(muldi3.o)
                              /foss/tools/riscv-gnu-toolchain-rv32i/217e7f3debe424d61374d31e33a091a630535937/lib/gcc/riscv32-unknown-linux-gnu/11.1.0/libgcc.a(_udivdi3.o) (__mulsi3)
/foss/tools/riscv-gnu-toolchain-rv32i/217e7f3debe424d61374d31e33a091a630535937/lib/gcc/riscv32-unknown-linux-gnu/11.1.0/libgcc.a(div.o)
                              /tmp/ccrbMgWO.o (__udivsi3)
/foss/tools/riscv-gnu-toolchain-rv32i/217e7f3debe424d61374d31e33a091a630535937/lib/gcc/riscv32-unknown-linux-gnu/11.1.0/libgcc.a(_clz.o)
                              /foss/tools/riscv-gnu-toolchain-rv32i/217e7f3debe424d61374d31e33a091a630535937/lib/gcc/riscv32-unknown-linux-gnu/11.1.0/libgcc.a(_udivdi3.o) (__clz_tab)
/foss/tools/riscv-gnu-toolchain-rv32i/217e7f3debe424d61374d31e33a091a630535937/sysroot/usr/lib/libc.a(strlen.o)
                              /tmp/cc9nTyBV.o (strlen)

Discarded input sections

 .group         0x0000000000000000        0xc /tmp/cc9nTyBV.o
 .group         0x0000000000000000        0xc /tmp/cc9nTyBV.o
 .group         0x0000000000000000        0xc /tmp/cc9nTyBV.o
 .group         0x0000000000000000        0xc /tmp/cc9nTyBV.o
 .group         0x0000000000000000        0xc /tmp/cc9nTyBV.o
 .group         0x0000000000000000        0xc /tmp/cc9nTyBV.o
 .group         0x0000000000000000        0xc /tmp/cc9nTyBV.o
 .group         0x0000000000000000        0xc /tmp/cc9nTyBV.o
 .group         0x0000000000000000        0xc /tmp/cc9nTyBV.o
 .group         0x0000000000000000        0xc /tmp/cc9nTyBV.o
 .group         0x0000000000000000        0xc /tmp/cc9nTyBV.o
 .group         0x0000000000000000        0xc /tmp/cc9nTyBV.o
 .group         0x0000000000000000        0xc /tmp/cc9nTyBV.o
 .group         0x0000000000000000        0xc /tmp/cc9nTyBV.o
 .group         0x0000000000000000        0xc /tmp/cc9nTyBV.o
 .group         0x0000000000000000        0xc /tmp/cc9nTyBV.o
 .group         0x0000000000000000        0xc /tmp/cc9nTyBV.o
 .text          0x0000000000000000        0x0 /tmp/cc9nTyBV.o
 .data          0x0000000000000000        0x0 /tmp/cc9nTyBV.o
 .bss           0x0000000000000000        0x0 /tmp/cc9nTyBV.o
 .text.clearDisplayBuffer
                0x0000000000000000       0x2c /tmp/cc9nTyBV.o
 .text.DisplayInit
                0x0000000000000000       0x1c /tmp/cc9nTyBV.o
 .text.DisplayClear
                0x0000000000000000       0x1c /tmp/cc9nTyBV.o
 .text.DisplayDrawSprite
                0x0000000000000000       0x2c /tmp/cc9nTyBV.o
 .text.DisplayOutput
                0x0000000000000000       0x6c /tmp/cc9nTyBV.o
 .debug_info    0x0000000000000000      0x69d /tmp/cc9nTyBV.o
 .debug_abbrev  0x0000000000000000      0x2a9 /tmp/cc9nTyBV.o
 .debug_loclists
                0x0000000000000000      0x27c /tmp/cc9nTyBV.o
 .debug_aranges
                0x0000000000000000       0x50 /tmp/cc9nTyBV.o
 .debug_rnglists
                0x0000000000000000       0x5f /tmp/cc9nTyBV.o
 .debug_macro   0x0000000000000000       0xf1 /tmp/cc9nTyBV.o
 .debug_macro   0x0000000000000000      0x76c /tmp/cc9nTyBV.o
 .debug_macro   0x0000000000000000       0x10 /tmp/cc9nTyBV.o
 .debug_macro   0x0000000000000000      0x105 /tmp/cc9nTyBV.o
 .debug_macro   0x0000000000000000       0x10 /tmp/cc9nTyBV.o
 .debug_macro   0x0000000000000000       0x27 /tmp/cc9nTyBV.o
 .debug_macro   0x0000000000000000      0x188 /tmp/cc9nTyBV.o
 .debug_macro   0x0000000000000000       0x1c /tmp/cc9nTyBV.o
 .debug_macro   0x0000000000000000       0x5f /tmp/cc9nTyBV.o
 .debug_macro   0x0000000000000000       0xb2 /tmp/cc9nTyBV.o
 .debug_macro   0x0000000000000000       0x4c /tmp/cc9nTyBV.o
 .debug_macro   0x0000000000000000       0x10 /tmp/cc9nTyBV.o
 .debug_macro   0x0000000000000000       0x97 /tmp/cc9nTyBV.o
 .debug_macro   0x0000000000000000       0x4c /tmp/cc9nTyBV.o
 .debug_macro   0x0000000000000000      0x34e /tmp/cc9nTyBV.o
 .debug_macro   0x0000000000000000       0x58 /tmp/cc9nTyBV.o
 .debug_macro   0x0000000000000000       0x10 /tmp/cc9nTyBV.o
 .debug_macro   0x0000000000000000       0x22 /tmp/cc9nTyBV.o
 .debug_line    0x0000000000000000      0x4e4 /tmp/cc9nTyBV.o
 .debug_str     0x0000000000000000     0x4b07 /tmp/cc9nTyBV.o
 .debug_line_str
                0x0000000000000000      0x3af /tmp/cc9nTyBV.o
 .debug_frame   0x0000000000000000       0xdc /tmp/cc9nTyBV.o
 .group         0x0000000000000000        0xc /tmp/ccFdPkEy.o
 .group         0x0000000000000000        0xc /tmp/ccFdPkEy.o
 .group         0x0000000000000000        0xc /tmp/ccFdPkEy.o
 .group         0x0000000000000000        0xc /tmp/ccFdPkEy.o
 .text          0x0000000000000000        0x0 /tmp/ccFdPkEy.o
 .data          0x0000000000000000        0x0 /tmp/ccFdPkEy.o
 .bss           0x0000000000000000        0x0 /tmp/ccFdPkEy.o
 .debug_info    0x0000000000000000      0x325 /tmp/ccFdPkEy.o
 .debug_abbrev  0x0000000000000000      0x1fe /tmp/ccFdPkEy.o
 .debug_loclists
                0x0000000000000000      0x16e /tmp/ccFdPkEy.o
 .debug_aranges
                0x0000000000000000       0x38 /tmp/ccFdPkEy.o
 .debug_rnglists
                0x0000000000000000       0x57 /tmp/ccFdPkEy.o
 .debug_macro   0x0000000000000000       0x50 /tmp/ccFdPkEy.o
 .debug_macro   0x0000000000000000      0x76c /tmp/ccFdPkEy.o
 .debug_macro   0x0000000000000000      0x34e /tmp/ccFdPkEy.o
 .debug_macro   0x0000000000000000       0x4c /tmp/ccFdPkEy.o
 .debug_macro   0x0000000000000000       0x16 /tmp/ccFdPkEy.o
 .debug_line    0x0000000000000000      0x4ed /tmp/ccFdPkEy.o
 .debug_str     0x0000000000000000     0x31fb /tmp/ccFdPkEy.o
 .debug_line_str
                0x0000000000000000      0x17d /tmp/ccFdPkEy.o
 .debug_frame   0x0000000000000000       0x84 /tmp/ccFdPkEy.o
 .group         0x0000000000000000        0xc /tmp/ccqYwMKb.o
 .group         0x0000000000000000        0xc /tmp/ccqYwMKb.o
 .group         0x0000000000000000        0xc /tmp/ccqYwMKb.o
 .group         0x0000000000000000        0xc /tmp/ccqYwMKb.o
 .text          0x0000000000000000        0x0 /tmp/ccqYwMKb.o
 .data          0x0000000000000000        0x0 /tmp/ccqYwMKb.o
 .bss           0x0000000000000000        0x0 /tmp/ccqYwMKb.o
 .debug_info    0x0000000000000000      0x195 /tmp/ccqYwMKb.o
 .debug_abbrev  0x0000000000000000      0x12c /tmp/ccqYwMKb.o
 .debug_loclists
                0x0000000000000000       0x31 /tmp/ccqYwMKb.o
 .debug_aranges
                0x0000000000000000       0x20 /tmp/ccqYwMKb.o
 .debug_rnglists
                0x0000000000000000       0x16 /tmp/ccqYwMKb.o
 .debug_macro   0x0000000000000000       0x59 /tmp/ccqYwMKb.o
 .debug_macro   0x0000000000000000      0x76c /tmp/ccqYwMKb.o
 .debug_macro   0x0000000000000000      0x34e /tmp/ccqYwMKb.o
 .debug_macro   0x0000000000000000       0x4c /tmp/ccqYwMKb.o
 .debug_macro   0x0000000000000000       0x22 /tmp/ccqYwMKb.o
 .debug_line    0x0000000000000000      0x123 /tmp/ccqYwMKb.o
 .debug_str     0x0000000000000000     0x322c /tmp/ccqYwMKb.o
 .debug_line_str
                0x0000000000000000      0x181 /tmp/ccqYwMKb.o
 .debug_frame   0x0000000000000000       0x2c /tmp/ccqYwMKb.o
 .group         0x0000000000000000        0xc /tmp/ccrbMgWO.o
 .group         0x0000000000000000        0xc /tmp/ccrbMgWO.o
 .group         0x0000000000000000        0xc /tmp/ccrbMgWO.o
 .text          0x0000000000000000        0x0 /tmp/ccrbMgWO.o
 .data          0x0000000000000000        0x0 /tmp/ccrbMgWO.o
 .bss           0x0000000000000000        0x0 /tmp/ccrbMgWO.o
 .debug_info    0x0000000000000000      0x483 /tmp/ccrbMgWO.o
 .debug_abbrev  0x0000000000000000      0x196 /tmp/ccrbMgWO.o
 .debug_loclists
                0x0000000000000000      0x4fe /tmp/ccrbMgWO.o
 .debug_aranges
                0x0000000000000000       0x48 /tmp/ccrbMgWO.o
 .debug_rnglists
                0x0000000000000000       0x5f /tmp/ccrbMgWO.o
 .debug_macro   0x0000000000000000       0x29 /tmp/ccrbMgWO.o
 .debug_macro   0x0000000000000000      0x76c /tmp/ccrbMgWO.o
 .debug_macro   0x0000000000000000       0x58 /tmp/ccrbMgWO.o
 .debug_macro   0x0000000000000000       0x10 /tmp/ccrbMgWO.o
 .debug_line    0x0000000000000000      0x7a2 /tmp/ccrbMgWO.o
 .debug_str     0x0000000000000000     0x2792 /tmp/ccrbMgWO.o
 .debug_line_str
                0x0000000000000000      0x165 /tmp/ccrbMgWO.o
 .debug_frame   0x0000000000000000       0xc4 /tmp/ccrbMgWO.o
 .group         0x0000000000000000        0xc /tmp/ccioZmcs.o
 .group         0x0000000000000000        0xc /tmp/ccioZmcs.o
 .group         0x0000000000000000        0xc /tmp/ccioZmcs.o
 .group         0x0000000000000000        0xc /tmp/ccioZmcs.o
 .text          0x0000000000000000        0x0 /tmp/ccioZmcs.o
 .data          0x0000000000000000        0x0 /tmp/ccioZmcs.o
 .bss           0x0000000000000000        0x0 /tmp/ccioZmcs.o
 .debug_info    0x0000000000000000      0x25c /tmp/ccioZmcs.o
 .debug_abbrev  0x0000000000000000      0x178 /tmp/ccioZmcs.o
 .debug_loclists
                0x0000000000000000       0x2e /tmp/ccioZmcs.o
 .debug_aranges
                0x0000000000000000       0x30 /tmp/ccioZmcs.o
 .debug_rnglists
                0x0000000000000000       0x28 /tmp/ccioZmcs.o
 .debug_macro   0x0000000000000000       0x64 /tmp/ccioZmcs.o
 .debug_macro   0x0000000000000000      0x76c /tmp/ccioZmcs.o
 .debug_macro   0x0000000000000000      0x34e /tmp/ccioZmcs.o
 .debug_macro   0x0000000000000000       0x4c /tmp/ccioZmcs.o
 .debug_macro   0x0000000000000000       0x16 /tmp/ccioZmcs.o
 .debug_line    0x0000000000000000      0x11d /tmp/ccioZmcs.o
 .debug_str     0x0000000000000000     0x31fc /tmp/ccioZmcs.o
 .debug_line_str
                0x0000000000000000      0x193 /tmp/ccioZmcs.o
 .debug_frame   0x0000000000000000       0x6c /tmp/ccioZmcs.o
 .group         0x0000000000000000        0xc /tmp/cceo5wv5.o
 .group         0x0000000000000000        0xc /tmp/cceo5wv5.o
 .group         0x0000000000000000        0xc /tmp/cceo5wv5.o
 .text          0x0000000000000000        0x0 /tmp/cceo5wv5.o
 .data          0x0000000000000000        0x0 /tmp/cceo5wv5.o
 .bss           0x0000000000000000        0x0 /tmp/cceo5wv5.o
 .text.GetMillis
                0x0000000000000000       0x28 /tmp/cceo5wv5.o
 .debug_info    0x0000000000000000      0x146 /tmp/cceo5wv5.o
 .debug_abbrev  0x0000000000000000       0xc1 /tmp/cceo5wv5.o
 .debug_loclists
                0x0000000000000000       0x41 /tmp/cceo5wv5.o
 .debug_aranges
                0x0000000000000000       0x28 /tmp/cceo5wv5.o
 .debug_rnglists
                0x0000000000000000       0x1f /tmp/cceo5wv5.o
 .debug_macro   0x0000000000000000       0x37 /tmp/cceo5wv5.o
 .debug_macro   0x0000000000000000      0x76c /tmp/cceo5wv5.o
 .debug_macro   0x0000000000000000      0x34e /tmp/cceo5wv5.o
 .debug_macro   0x0000000000000000       0x4c /tmp/cceo5wv5.o
 .debug_line    0x0000000000000000       0xf8 /tmp/cceo5wv5.o
 .debug_str     0x0000000000000000     0x314e /tmp/cceo5wv5.o
 .debug_line_str
                0x0000000000000000      0x16c /tmp/cceo5wv5.o
 .debug_frame   0x0000000000000000       0x48 /tmp/cceo5wv5.o
 .group         0x0000000000000000        0xc /tmp/ccsKm7RI.o
 .group         0x0000000000000000        0xc /tmp/ccsKm7RI.o
 .group         0x0000000000000000        0xc /tmp/ccsKm7RI.o
 .group         0x0000000000000000        0xc /tmp/ccsKm7RI.o
 .text          0x0000000000000000        0x0 /tmp/ccsKm7RI.o
 .data          0x0000000000000000        0x0 /tmp/ccsKm7RI.o
 .bss           0x0000000000000000        0x0 /tmp/ccsKm7RI.o
 .debug_info    0x0000000000000000      0x21a /tmp/ccsKm7RI.o
 .debug_abbrev  0x0000000000000000      0x16f /tmp/ccsKm7RI.o
 .debug_loclists
                0x0000000000000000       0xad /tmp/ccsKm7RI.o
 .debug_aranges
                0x0000000000000000       0x38 /tmp/ccsKm7RI.o
 .debug_rnglists
                0x0000000000000000       0x31 /tmp/ccsKm7RI.o
 .debug_macro   0x0000000000000000       0x46 /tmp/ccsKm7RI.o
 .debug_macro   0x0000000000000000      0x76c /tmp/ccsKm7RI.o
 .debug_macro   0x0000000000000000      0x34e /tmp/ccsKm7RI.o
 .debug_macro   0x0000000000000000       0x4c /tmp/ccsKm7RI.o
 .debug_macro   0x0000000000000000       0x22 /tmp/ccsKm7RI.o
 .debug_line    0x0000000000000000      0x199 /tmp/ccsKm7RI.o
 .debug_str     0x0000000000000000     0x3252 /tmp/ccsKm7RI.o
 .debug_line_str
                0x0000000000000000      0x173 /tmp/ccsKm7RI.o
 .debug_frame   0x0000000000000000       0x68 /tmp/ccsKm7RI.o
 .group         0x0000000000000000        0xc /tmp/ccFVsohm.o
 .text          0x0000000000000000        0x0 /tmp/ccFVsohm.o
 .data          0x0000000000000000        0x0 /tmp/ccFVsohm.o
 .bss           0x0000000000000000        0x0 /tmp/ccFVsohm.o
 .text.Vector2Subtract
                0x0000000000000000       0x34 /tmp/ccFVsohm.o
 .debug_info    0x0000000000000000       0xde /tmp/ccFVsohm.o
 .debug_abbrev  0x0000000000000000       0xb1 /tmp/ccFVsohm.o
 .debug_aranges
                0x0000000000000000       0x28 /tmp/ccFVsohm.o
 .debug_rnglists
                0x0000000000000000       0x1f /tmp/ccFVsohm.o
 .debug_macro   0x0000000000000000       0x1b /tmp/ccFVsohm.o
 .debug_macro   0x0000000000000000      0x76c /tmp/ccFVsohm.o
 .debug_line    0x0000000000000000       0xe7 /tmp/ccFVsohm.o
 .debug_str     0x0000000000000000     0x2571 /tmp/ccFVsohm.o
 .debug_line_str
                0x0000000000000000       0xcc /tmp/ccFVsohm.o
 .debug_frame   0x0000000000000000       0x40 /tmp/ccFVsohm.o
 .text          0x0000000000000000        0x0 /tmp/ccrLgXGZ.o
 .data          0x0000000000000000        0x0 /tmp/ccrLgXGZ.o
 .bss           0x0000000000000000        0x0 /tmp/ccrLgXGZ.o
 .debug_line    0x0000000000000000       0xd2 /tmp/ccrLgXGZ.o
 .debug_line_str
                0x0000000000000000       0x70 /tmp/ccrLgXGZ.o
 .debug_info    0x0000000000000000       0x25 /tmp/ccrLgXGZ.o
 .debug_abbrev  0x0000000000000000       0x14 /tmp/ccrLgXGZ.o
 .debug_aranges
                0x0000000000000000       0x20 /tmp/ccrLgXGZ.o
 .debug_str     0x0000000000000000       0x57 /tmp/ccrLgXGZ.o
 .eh_frame      0x0000000000000000       0x2c /tmp/ccrLgXGZ.o
 .group         0x0000000000000000        0xc /tmp/ccMrrIbD.o
 .group         0x0000000000000000        0xc /tmp/ccMrrIbD.o
 .group         0x0000000000000000        0xc /tmp/ccMrrIbD.o
 .group         0x0000000000000000        0xc /tmp/ccMrrIbD.o
 .group         0x0000000000000000        0xc /tmp/ccMrrIbD.o
 .text          0x0000000000000000        0x0 /tmp/ccMrrIbD.o
 .data          0x0000000000000000        0x0 /tmp/ccMrrIbD.o
 .bss           0x0000000000000000        0x0 /tmp/ccMrrIbD.o
 .debug_info    0x0000000000000000      0x21a /tmp/ccMrrIbD.o
 .debug_abbrev  0x0000000000000000      0x130 /tmp/ccMrrIbD.o
 .debug_aranges
                0x0000000000000000       0x20 /tmp/ccMrrIbD.o
 .debug_rnglists
                0x0000000000000000       0x16 /tmp/ccMrrIbD.o
 .debug_macro   0x0000000000000000       0x85 /tmp/ccMrrIbD.o
 .debug_macro   0x0000000000000000      0x76c /tmp/ccMrrIbD.o
 .debug_macro   0x0000000000000000      0x34e /tmp/ccMrrIbD.o
 .debug_macro   0x0000000000000000       0x4c /tmp/ccMrrIbD.o
 .debug_macro   0x0000000000000000       0x16 /tmp/ccMrrIbD.o
 .debug_macro   0x0000000000000000       0x22 /tmp/ccMrrIbD.o
 .debug_line    0x0000000000000000       0xf9 /tmp/ccMrrIbD.o
 .debug_str     0x0000000000000000     0x327e /tmp/ccMrrIbD.o
 .debug_line_str
                0x0000000000000000      0x19b /tmp/ccMrrIbD.o
 .debug_frame   0x0000000000000000       0x2c /tmp/ccMrrIbD.o
 .data          0x0000000000000000        0x0 /foss/tools/riscv-gnu-toolchain-rv32i/217e7f3debe424d61374d31e33a091a630535937/lib/gcc/riscv32-unknown-linux-gnu/11.1.0/libgcc.a(_udivdi3.o)
 .bss           0x0000000000000000        0x0 /foss/tools/riscv-gnu-toolchain-rv32i/217e7f3debe424d61374d31e33a091a630535937/lib/gcc/riscv32-unknown-linux-gnu/11.1.0/libgcc.a(_udivdi3.o)
 .debug_info    0x0000000000000000      0x93c /foss/tools/riscv-gnu-toolchain-rv32i/217e7f3debe424d61374d31e33a091a630535937/lib/gcc/riscv32-unknown-linux-gnu/11.1.0/libgcc.a(_udivdi3.o)
 .debug_abbrev  0x0000000000000000      0x1d0 /foss/tools/riscv-gnu-toolchain-rv32i/217e7f3debe424d61374d31e33a091a630535937/lib/gcc/riscv32-unknown-linux-gnu/11.1.0/libgcc.a(_udivdi3.o)
 .debug_loclists
                0x0000000000000000      0xedb /foss/tools/riscv-gnu-toolchain-rv32i/217e7f3debe424d61374d31e33a091a630535937/lib/gcc/riscv32-unknown-linux-gnu/11.1.0/libgcc.a(_udivdi3.o)
 .debug_aranges
                0x0000000000000000       0x20 /foss/tools/riscv-gnu-toolchain-rv32i/217e7f3debe424d61374d31e33a091a630535937/lib/gcc/riscv32-unknown-linux-gnu/11.1.0/libgcc.a(_udivdi3.o)
 .debug_rnglists
                0x0000000000000000      0x188 /foss/tools/riscv-gnu-toolchain-rv32i/217e7f3debe424d61374d31e33a091a630535937/lib/gcc/riscv32-unknown-linux-gnu/11.1.0/libgcc.a(_udivdi3.o)
 .debug_line    0x0000000000000000      0x7b3 /foss/tools/riscv-gnu-toolchain-rv32i/217e7f3debe424d61374d31e33a091a630535937/lib/gcc/riscv32-unknown-linux-gnu/11.1.0/libgcc.a(_udivdi3.o)
 .debug_str     0x0000000000000000      0x276 /foss/tools/riscv-gnu-toolchain-rv32i/217e7f3debe424d61374d31e33a091a630535937/lib/gcc/riscv32-unknown-linux-gnu/11.1.0/libgcc.a(_udivdi3.o)
 .debug_line_str
                0x0000000000000000      0x131 /foss/tools/riscv-gnu-toolchain-rv32i/217e7f3debe424d61374d31e33a091a630535937/lib/gcc/riscv32-unknown-linux-gnu/11.1.0/libgcc.a(_udivdi3.o)
 .eh_frame      0x0000000000000000       0x60 /foss/tools/riscv-gnu-toolchain-rv32i/217e7f3debe424d61374d31e33a091a630535937/lib/gcc/riscv32-unknown-linux-gnu/11.1.0/libgcc.a(_udivdi3.o)
 .data          0x0000000000000000        0x0 /foss/tools/riscv-gnu-toolchain-rv32i/217e7f3debe424d61374d31e33a091a630535937/lib/gcc/riscv32-unknown-linux-gnu/11.1.0/libgcc.a(muldi3.o)
 .bss           0x0000000000000000        0x0 /foss/tools/riscv-gnu-toolchain-rv32i/217e7f3debe424d61374d31e33a091a630535937/lib/gcc/riscv32-unknown-linux-gnu/11.1.0/libgcc.a(muldi3.o)
 .debug_line    0x0000000000000000       0x7a /foss/tools/riscv-gnu-toolchain-rv32i/217e7f3debe424d61374d31e33a091a630535937/lib/gcc/riscv32-unknown-linux-gnu/11.1.0/libgcc.a(muldi3.o)
 .debug_line_str
                0x0000000000000000       0x66 /foss/tools/riscv-gnu-toolchain-rv32i/217e7f3debe424d61374d31e33a091a630535937/lib/gcc/riscv32-unknown-linux-gnu/11.1.0/libgcc.a(muldi3.o)
 .debug_info    0x0000000000000000       0x24 /foss/tools/riscv-gnu-toolchain-rv32i/217e7f3debe424d61374d31e33a091a630535937/lib/gcc/riscv32-unknown-linux-gnu/11.1.0/libgcc.a(muldi3.o)
 .debug_abbrev  0x0000000000000000       0x14 /foss/tools/riscv-gnu-toolchain-rv32i/217e7f3debe424d61374d31e33a091a630535937/lib/gcc/riscv32-unknown-linux-gnu/11.1.0/libgcc.a(muldi3.o)
 .debug_aranges
                0x0000000000000000       0x20 /foss/tools/riscv-gnu-toolchain-rv32i/217e7f3debe424d61374d31e33a091a630535937/lib/gcc/riscv32-unknown-linux-gnu/11.1.0/libgcc.a(muldi3.o)
 .debug_str     0x0000000000000000       0x6e /foss/tools/riscv-gnu-toolchain-rv32i/217e7f3debe424d61374d31e33a091a630535937/lib/gcc/riscv32-unknown-linux-gnu/11.1.0/libgcc.a(muldi3.o)
 .data          0x0000000000000000        0x0 /foss/tools/riscv-gnu-toolchain-rv32i/217e7f3debe424d61374d31e33a091a630535937/lib/gcc/riscv32-unknown-linux-gnu/11.1.0/libgcc.a(div.o)
 .bss           0x0000000000000000        0x0 /foss/tools/riscv-gnu-toolchain-rv32i/217e7f3debe424d61374d31e33a091a630535937/lib/gcc/riscv32-unknown-linux-gnu/11.1.0/libgcc.a(div.o)
 .debug_line    0x0000000000000000      0x153 /foss/tools/riscv-gnu-toolchain-rv32i/217e7f3debe424d61374d31e33a091a630535937/lib/gcc/riscv32-unknown-linux-gnu/11.1.0/libgcc.a(div.o)
 .debug_line_str
                0x0000000000000000       0x60 /foss/tools/riscv-gnu-toolchain-rv32i/217e7f3debe424d61374d31e33a091a630535937/lib/gcc/riscv32-unknown-linux-gnu/11.1.0/libgcc.a(div.o)
 .debug_info    0x0000000000000000       0x25 /foss/tools/riscv-gnu-toolchain-rv32i/217e7f3debe424d61374d31e33a091a630535937/lib/gcc/riscv32-unknown-linux-gnu/11.1.0/libgcc.a(div.o)
 .debug_abbrev  0x0000000000000000       0x14 /foss/tools/riscv-gnu-toolchain-rv32i/217e7f3debe424d61374d31e33a091a630535937/lib/gcc/riscv32-unknown-linux-gnu/11.1.0/libgcc.a(div.o)
 .debug_aranges
                0x0000000000000000       0x20 /foss/tools/riscv-gnu-toolchain-rv32i/217e7f3debe424d61374d31e33a091a630535937/lib/gcc/riscv32-unknown-linux-gnu/11.1.0/libgcc.a(div.o)
 .debug_str     0x0000000000000000       0x6b /foss/tools/riscv-gnu-toolchain-rv32i/217e7f3debe424d61374d31e33a091a630535937/lib/gcc/riscv32-unknown-linux-gnu/11.1.0/libgcc.a(div.o)
 .text          0x0000000000000000        0x0 /foss/tools/riscv-gnu-toolchain-rv32i/217e7f3debe424d61374d31e33a091a630535937/lib/gcc/riscv32-unknown-linux-gnu/11.1.0/libgcc.a(_clz.o)
 .data          0x0000000000000000        0x0 /foss/tools/riscv-gnu-toolchain-rv32i/217e7f3debe424d61374d31e33a091a630535937/lib/gcc/riscv32-unknown-linux-gnu/11.1.0/libgcc.a(_clz.o)
 .bss           0x0000000000000000        0x0 /foss/tools/riscv-gnu-toolchain-rv32i/217e7f3debe424d61374d31e33a091a630535937/lib/gcc/riscv32-unknown-linux-gnu/11.1.0/libgcc.a(_clz.o)
 .debug_info    0x0000000000000000       0xd8 /foss/tools/riscv-gnu-toolchain-rv32i/217e7f3debe424d61374d31e33a091a630535937/lib/gcc/riscv32-unknown-linux-gnu/11.1.0/libgcc.a(_clz.o)
 .debug_abbrev  0x0000000000000000       0x70 /foss/tools/riscv-gnu-toolchain-rv32i/217e7f3debe424d61374d31e33a091a630535937/lib/gcc/riscv32-unknown-linux-gnu/11.1.0/libgcc.a(_clz.o)
 .debug_aranges
                0x0000000000000000       0x18 /foss/tools/riscv-gnu-toolchain-rv32i/217e7f3debe424d61374d31e33a091a630535937/lib/gcc/riscv32-unknown-linux-gnu/11.1.0/libgcc.a(_clz.o)
 .debug_line    0x0000000000000000       0x3f /foss/tools/riscv-gnu-toolchain-rv32i/217e7f3debe424d61374d31e33a091a630535937/lib/gcc/riscv32-unknown-linux-gnu/11.1.0/libgcc.a(_clz.o)
 .debug_str     0x0000000000000000      0x19a /foss/tools/riscv-gnu-toolchain-rv32i/217e7f3debe424d61374d31e33a091a630535937/lib/gcc/riscv32-unknown-linux-gnu/11.1.0/libgcc.a(_clz.o)
 .debug_line_str
                0x0000000000000000      0x131 /foss/tools/riscv-gnu-toolchain-rv32i/217e7f3debe424d61374d31e33a091a630535937/lib/gcc/riscv32-unknown-linux-gnu/11.1.0/libgcc.a(_clz.o)
 .data          0x0000000000000000        0x0 /foss/tools/riscv-gnu-toolchain-rv32i/217e7f3debe424d61374d31e33a091a630535937/sysroot/usr/lib/libc.a(strlen.o)
 .bss           0x0000000000000000        0x0 /foss/tools/riscv-gnu-toolchain-rv32i/217e7f3debe424d61374d31e33a091a630535937/sysroot/usr/lib/libc.a(strlen.o)
 .debug_info    0x0000000000000000      0x11b /foss/tools/riscv-gnu-toolchain-rv32i/217e7f3debe424d61374d31e33a091a630535937/sysroot/usr/lib/libc.a(strlen.o)
 .debug_abbrev  0x0000000000000000       0xc4 /foss/tools/riscv-gnu-toolchain-rv32i/217e7f3debe424d61374d31e33a091a630535937/sysroot/usr/lib/libc.a(strlen.o)
 .debug_loclists
                0x0000000000000000      0x15f /foss/tools/riscv-gnu-toolchain-rv32i/217e7f3debe424d61374d31e33a091a630535937/sysroot/usr/lib/libc.a(strlen.o)
 .debug_aranges
                0x0000000000000000       0x20 /foss/tools/riscv-gnu-toolchain-rv32i/217e7f3debe424d61374d31e33a091a630535937/sysroot/usr/lib/libc.a(strlen.o)
 .debug_rnglists
                0x0000000000000000       0x31 /foss/tools/riscv-gnu-toolchain-rv32i/217e7f3debe424d61374d31e33a091a630535937/sysroot/usr/lib/libc.a(strlen.o)
 .debug_line    0x0000000000000000      0x1fa /foss/tools/riscv-gnu-toolchain-rv32i/217e7f3debe424d61374d31e33a091a630535937/sysroot/usr/lib/libc.a(strlen.o)
 .debug_str     0x0000000000000000      0x1a9 /foss/tools/riscv-gnu-toolchain-rv32i/217e7f3debe424d61374d31e33a091a630535937/sysroot/usr/lib/libc.a(strlen.o)
 .debug_line_str
                0x0000000000000000      0x100 /foss/tools/riscv-gnu-toolchain-rv32i/217e7f3debe424d61374d31e33a091a630535937/sysroot/usr/lib/libc.a(strlen.o)
 .debug_frame   0x0000000000000000       0x20 /foss/tools/riscv-gnu-toolchain-rv32i/217e7f3debe424d61374d31e33a091a630535937/sysroot/usr/lib/libc.a(strlen.o)

Memory Configuration

Name             Origin             Length             Attributes
ROM              0x0000000014000000 0x0000000000800000 xr
RAM              0x0000000000000000 0x0000000000001000 xrw
*default*        0x0000000000000000 0xffffffffffffffff

Linker script and memory map

                0x0000000000000200                _stack_size = DEFINED (_stack_size)?_stack_size:0x200

.text           0x0000000014000000     0x1560
                0x0000000014000000                . = ALIGN (0x4)
                [!provide]                        PROVIDE (_stext = .)
 *(.vectors*)
 .vectors       0x0000000014000000       0x70 /tmp/ccrLgXGZ.o
                0x0000000014000000                _start
 *(.rodata*)
 .rodata.gameOverText
                0x0000000014000070        0xb /tmp/cc9nTyBV.o
 *fill*         0x000000001400007b        0x1 
 .rodata.gameWinText
                0x000000001400007c        0x9 /tmp/cc9nTyBV.o
 *fill*         0x0000000014000085        0x3 
 .rodata.scoreFormatText
                0x0000000014000088        0xa /tmp/cc9nTyBV.o
 *fill*         0x0000000014000092        0x2 
 .rodata.mini_vsnprintf
                0x0000000014000094       0x84 /tmp/ccrbMgWO.o
 .rodata        0x0000000014000118      0x100 /foss/tools/riscv-gnu-toolchain-rv32i/217e7f3debe424d61374d31e33a091a630535937/lib/gcc/riscv32-unknown-linux-gnu/11.1.0/libgcc.a(_clz.o)
                0x0000000014000118                __clz_tab
 *(.srodata*)
 *(.text*)
 .text.DrawGameWin
                0x0000000014000218       0xe8 /tmp/cc9nTyBV.o
                0x0000000014000218                DrawGameWin
 .text.DrawGameLose
                0x0000000014000300       0xe8 /tmp/cc9nTyBV.o
                0x0000000014000300                DrawGameLose
 .text.spawnFood
                0x00000000140003e8       0xd8 /tmp/ccFdPkEy.o
 .text.GameInit
                0x00000000140004c0       0x7c /tmp/ccFdPkEy.o
                0x00000000140004c0                GameInit
 .text.GameUpdate
                0x000000001400053c      0x138 /tmp/ccFdPkEy.o
                0x000000001400053c                GameUpdate
 .text.GameFinish
                0x0000000014000674        0x4 /tmp/ccFdPkEy.o
                0x0000000014000674                GameFinish
 .text.GetInput
                0x0000000014000678       0xb0 /tmp/ccqYwMKb.o
                0x0000000014000678                GetInput
 .text.mini_strlen
                0x0000000014000728       0x20 /tmp/ccrbMgWO.o
 .text.mini_itoa
                0x0000000014000748      0x164 /tmp/ccrbMgWO.o
 .text._putc    0x00000000140008ac       0x3c /tmp/ccrbMgWO.o
 .text._puts    0x00000000140008e8       0x58 /tmp/ccrbMgWO.o
 .text.mini_vsnprintf
                0x0000000014000940      0x1c8 /tmp/ccrbMgWO.o
                0x0000000014000940                mini_vsnprintf
 .text.mini_snprintf
                0x0000000014000b08       0x34 /tmp/ccrbMgWO.o
                0x0000000014000b08                mini_snprintf
 .text.Setup    0x0000000014000b3c       0x1c /tmp/ccioZmcs.o
                0x0000000014000b3c                Setup
 .text.Loop     0x0000000014000b58       0x74 /tmp/ccioZmcs.o
                0x0000000014000b58                Loop
 .text.Finish   0x0000000014000bcc       0x1c /tmp/ccioZmcs.o
                0x0000000014000bcc                Finish
 .text.GetMicros
                0x0000000014000be8       0x70 /tmp/cceo5wv5.o
                0x0000000014000be8                GetMicros
 .text.UARTInit
                0x0000000014000c58       0x14 /tmp/ccsKm7RI.o
                0x0000000014000c58                UARTInit
 .text.UARTWrite
                0x0000000014000c6c        0x8 /tmp/ccsKm7RI.o
                0x0000000014000c6c                UARTWrite
 .text.UARTRead
                0x0000000014000c74       0x10 /tmp/ccsKm7RI.o
                0x0000000014000c74                UARTRead
 .text.UARTReadWait
                0x0000000014000c84       0x64 /tmp/ccsKm7RI.o
                0x0000000014000c84                UARTReadWait
 .text.Vector2Add
                0x0000000014000ce8       0x34 /tmp/ccFVsohm.o
                0x0000000014000ce8                Vector2Add
 .text.main     0x0000000014000d1c       0x70 /tmp/ccMrrIbD.o
                0x0000000014000d1c                main
 .text          0x0000000014000d8c      0x650 /foss/tools/riscv-gnu-toolchain-rv32i/217e7f3debe424d61374d31e33a091a630535937/lib/gcc/riscv32-unknown-linux-gnu/11.1.0/libgcc.a(_udivdi3.o)
                0x0000000014000d8c                __udivdi3
 .text          0x00000000140013dc       0x24 /foss/tools/riscv-gnu-toolchain-rv32i/217e7f3debe424d61374d31e33a091a630535937/lib/gcc/riscv32-unknown-linux-gnu/11.1.0/libgcc.a(muldi3.o)
                0x00000000140013dc                __mulsi3
 .text          0x0000000014001400       0xb4 /foss/tools/riscv-gnu-toolchain-rv32i/217e7f3debe424d61374d31e33a091a630535937/lib/gcc/riscv32-unknown-linux-gnu/11.1.0/libgcc.a(div.o)
                0x0000000014001400                __divsi3
                0x0000000014001408                __udivsi3
                0x0000000014001450                __umodsi3
                0x0000000014001484                __modsi3
 .text          0x00000000140014b4       0xac /foss/tools/riscv-gnu-toolchain-rv32i/217e7f3debe424d61374d31e33a091a630535937/sysroot/usr/lib/libc.a(strlen.o)
                0x00000000140014b4                strlen
 *(.plt*)
 *(.interp*)
 *(.dynsym*)
 *(.dynstr*)
 *(.hash*)
 *(.gnu*)
 *(.eh_frame_hdr*)
 .eh_frame_hdr  0x0000000014001560        0x0 /tmp/ccrLgXGZ.o
 *(.rela*)
 .rela.vectors  0x0000000014001560        0x0 /tmp/cc9nTyBV.o
 .rela.got      0x0000000014001560        0x0 /tmp/cc9nTyBV.o
                0x0000000014001560                . = ALIGN (0x4)
                0x0000000014001560                _etext = .

.data           0x0000000000000000        0x4 load address 0x0000000014001560
                0x0000000000000000                . = ALIGN (0x4)
                0x0000000000000000                _sdata = .
                0x0000000000000800                PROVIDE (_global_pointer$ = (. + 0x800))
 *(.ramtext*)
 *(.sdata*)
 .sdata.randomSeed
                0x0000000000000000        0x4 /tmp/ccFdPkEy.o
 *(.rdata*)
 *(.data*)
                0x0000000000000004                . = ALIGN (0x4)
                0x0000000000000004                _edata = .
                0x0000000014001560                _sidata = LOADADDR (.data)

.got            0x0000000000000004        0x8 load address 0x0000000014001564
 .got           0x0000000000000004        0x8 /tmp/cc9nTyBV.o
                0x0000000000000004                _GLOBAL_OFFSET_TABLE_

.got.plt        0x000000000000000c        0x8 load address 0x000000001400156c
 .got.plt       0x000000000000000c        0x8 /tmp/cc9nTyBV.o

.bss            0x0000000000000014      0x2e4 load address 0x0000000014001574
                0x0000000000000014                . = ALIGN (0x4)
                0x0000000000000014                _sbss = .
 *(.sbss*)
 *(.bss*)
 .bss.displayBuffer
                0x0000000000000014       0xc0 /tmp/cc9nTyBV.o
                0x0000000000000014                displayBuffer
 .bss.scoreTextBuffer
                0x00000000000000d4       0x10 /tmp/cc9nTyBV.o
                0x00000000000000d4                scoreTextBuffer
 .bss.game      0x00000000000000e4      0x214 /tmp/ccioZmcs.o
                0x00000000000000e4                game
 *(COMMON)
                0x00000000000002f8                . = ALIGN (0x4)
                0x00000000000002f8                _ebss = .

.heap           0x00000000000002f8        0x0 load address 0x0000000014001574
                0x00000000000002f8                . = ALIGN (0x4)
                0x00000000000002f8                _heap_start = .

.stack          0x0000000000000e00      0x200
                [!provide]                        PROVIDE (_heap_end = .)
                0x0000000000000200                . = _stack_size
 *fill*         0x0000000000000e00      0x200 
                0x0000000000001000                _stack_top = .
                [!provide]                        PROVIDE (_end = .)
LOAD /foss/tools/riscv-gnu-toolchain-rv32i/217e7f3debe424d61374d31e33a091a630535937/sysroot/usr/lib/libc.a
LOAD /foss/tools/riscv-gnu-toolchain-rv32i/217e7f3debe424d61374d31e33a091a630535937/sysroot/usr/lib/libm.a
LOAD /tmp/cc9nTyBV.o
LOAD /tmp/ccFdPkEy.o
LOAD /tmp/ccqYwMKb.o
LOAD /tmp/ccrbMgWO.o
LOAD /tmp/ccioZmcs.o
LOAD /tmp/cceo5wv5.o
LOAD /tmp/ccsKm7RI.o
LOAD /tmp/ccFVsohm.o
LOAD /tmp/ccrLgXGZ.o
LOAD /tmp/ccMrrIbD.o
LOAD /foss/tools/riscv-gnu-toolchain-rv32i/217e7f3debe424d61374d31e33a091a630535937/lib/gcc/riscv32-unknown-linux-gnu/11.1.0/libgcc.a
LOAD /foss/tools/riscv-gnu-toolchain-rv32i/217e7f3debe424d61374d31e33a091a630535937/lib/gcc/riscv32-unknown-linux-gnu/11.1.0/libgcc_eh.a
LOAD /foss/tools/riscv-gnu-toolchain-rv32i/217e7f3debe424d61374d31e33a091a630535937/sysroot/usr/lib/libc.a
LOAD /foss/tools/riscv-gnu-toolchain-rv32i/217e7f3debe424d61374d31e33a091a630535937/lib/gcc/riscv32-unknown-linux-gnu/11.1.0/libgcc.a
LOAD /foss/tools/riscv-gnu-toolchain-rv32i/217e7f3debe424d61374d31e33a091a630535937/lib/gcc/riscv32-unknown-linux-gnu/11.1.0/libgcc_eh.a
OUTPUT(snakeUART.elf elf32-littleriscv)

.comment        0x0000000000000000       0x21
 .comment       0x0000000000000000        0xf /tmp/cc9nTyBV.o
                                         0x10 (size before relaxing)
 .comment       0x000000000000000f       0x10 /tmp/ccFdPkEy.o
 .comment       0x000000000000000f       0x10 /tmp/ccqYwMKb.o
 .comment       0x000000000000000f       0x10 /tmp/ccrbMgWO.o
 .comment       0x000000000000000f       0x10 /tmp/ccioZmcs.o
 .comment       0x000000000000000f       0x10 /tmp/cceo5wv5.o
 .comment       0x000000000000000f       0x10 /tmp/ccsKm7RI.o
 .comment       0x000000000000000f       0x10 /tmp/ccFVsohm.o
 .comment       0x000000000000000f       0x10 /tmp/ccMrrIbD.o
 .comment       0x000000000000000f       0x10 /foss/tools/riscv-gnu-toolchain-rv32i/217e7f3debe424d61374d31e33a091a630535937/lib/gcc/riscv32-unknown-linux-gnu/11.1.0/libgcc.a(_udivdi3.o)
 .comment       0x000000000000000f       0x10 /foss/tools/riscv-gnu-toolchain-rv32i/217e7f3debe424d61374d31e33a091a630535937/lib/gcc/riscv32-unknown-linux-gnu/11.1.0/libgcc.a(_clz.o)
 .comment       0x000000000000000f       0x12 /foss/tools/riscv-gnu-toolchain-rv32i/217e7f3debe424d61374d31e33a091a630535937/sysroot/usr/lib/libc.a(strlen.o)
                                         0x13 (size before relaxing)

.note.GNU-stack
                0x0000000000000000        0x0
 .note.GNU-stack
                0x0000000000000000        0x0 /tmp/cc9nTyBV.o
 .note.GNU-stack
                0x0000000000000000        0x0 /tmp/ccFdPkEy.o
 .note.GNU-stack
                0x0000000000000000        0x0 /tmp/ccqYwMKb.o
 .note.GNU-stack
                0x0000000000000000        0x0 /tmp/ccrbMgWO.o
 .note.GNU-stack
                0x0000000000000000        0x0 /tmp/ccioZmcs.o
 .note.GNU-stack
                0x0000000000000000        0x0 /tmp/cceo5wv5.o
 .note.GNU-stack
                0x0000000000000000        0x0 /tmp/ccsKm7RI.o
 .note.GNU-stack
                0x0000000000000000        0x0 /tmp/ccFVsohm.o
 .note.GNU-stack
                0x0000000000000000        0x0 /tmp/ccMrrIbD.o
 .note.GNU-stack
                0x0000000000000000        0x0 /foss/tools/riscv-gnu-toolchain-rv32i/217e7f3debe424d61374d31e33a091a630535937/lib/gcc/riscv32-unknown-linux-gnu/11.1.0/libgcc.a(_udivdi3.o)
 .note.GNU-stack
                0x0000000000000000        0x0 /foss/tools/riscv-gnu-toolchain-rv32i/217e7f3debe424d61374d31e33a091a630535937/lib/gcc/riscv32-unknown-linux-gnu/11.1.0/libgcc.a(_clz.o)
 .note.GNU-stack
                0x0000000000000000        0x0 /foss/tools/riscv-gnu-toolchain-rv32i/217e7f3debe424d61374d31e33a091a630535937/sysroot/usr/lib/libc.a(strlen.o)
