Archive member included to satisfy reference by file (symbol)

/foss/tools/riscv-gnu-toolchain-rv32i/217e7f3debe424d61374d31e33a091a630535937/lib/gcc/riscv32-unknown-linux-gnu/11.1.0/libgcc.a(_udivdi3.o)
                              /tmp/ccSuNKqX.o (__udivdi3)
/foss/tools/riscv-gnu-toolchain-rv32i/217e7f3debe424d61374d31e33a091a630535937/lib/gcc/riscv32-unknown-linux-gnu/11.1.0/libgcc.a(muldi3.o)
                              /foss/tools/riscv-gnu-toolchain-rv32i/217e7f3debe424d61374d31e33a091a630535937/lib/gcc/riscv32-unknown-linux-gnu/11.1.0/libgcc.a(_udivdi3.o) (__mulsi3)
/foss/tools/riscv-gnu-toolchain-rv32i/217e7f3debe424d61374d31e33a091a630535937/lib/gcc/riscv32-unknown-linux-gnu/11.1.0/libgcc.a(div.o)
                              /tmp/ccFWI8Qa.o (__udivsi3)
/foss/tools/riscv-gnu-toolchain-rv32i/217e7f3debe424d61374d31e33a091a630535937/lib/gcc/riscv32-unknown-linux-gnu/11.1.0/libgcc.a(_clz.o)
                              /foss/tools/riscv-gnu-toolchain-rv32i/217e7f3debe424d61374d31e33a091a630535937/lib/gcc/riscv32-unknown-linux-gnu/11.1.0/libgcc.a(_udivdi3.o) (__clz_tab)
/foss/tools/riscv-gnu-toolchain-rv32i/217e7f3debe424d61374d31e33a091a630535937/sysroot/usr/lib/libc.a(strlen.o)
                              /tmp/ccdAi9uv.o (strlen)

Discarded input sections

 .group         0x0000000000000000        0xc /tmp/ccdAi9uv.o
 .group         0x0000000000000000        0xc /tmp/ccdAi9uv.o
 .group         0x0000000000000000        0xc /tmp/ccdAi9uv.o
 .group         0x0000000000000000        0xc /tmp/ccdAi9uv.o
 .group         0x0000000000000000        0xc /tmp/ccdAi9uv.o
 .group         0x0000000000000000        0xc /tmp/ccdAi9uv.o
 .group         0x0000000000000000        0xc /tmp/ccdAi9uv.o
 .group         0x0000000000000000        0xc /tmp/ccdAi9uv.o
 .group         0x0000000000000000        0xc /tmp/ccdAi9uv.o
 .group         0x0000000000000000        0xc /tmp/ccdAi9uv.o
 .group         0x0000000000000000        0xc /tmp/ccdAi9uv.o
 .group         0x0000000000000000        0xc /tmp/ccdAi9uv.o
 .group         0x0000000000000000        0xc /tmp/ccdAi9uv.o
 .group         0x0000000000000000        0xc /tmp/ccdAi9uv.o
 .group         0x0000000000000000        0xc /tmp/ccdAi9uv.o
 .group         0x0000000000000000        0xc /tmp/ccdAi9uv.o
 .group         0x0000000000000000        0xc /tmp/ccdAi9uv.o
 .text          0x0000000000000000        0x0 /tmp/ccdAi9uv.o
 .data          0x0000000000000000        0x0 /tmp/ccdAi9uv.o
 .bss           0x0000000000000000        0x0 /tmp/ccdAi9uv.o
 .text.clearDisplayBuffer
                0x0000000000000000       0x2c /tmp/ccdAi9uv.o
 .text.DisplayInit
                0x0000000000000000       0x1c /tmp/ccdAi9uv.o
 .text.DisplayClear
                0x0000000000000000       0x1c /tmp/ccdAi9uv.o
 .text.DisplayDrawSprite
                0x0000000000000000       0x2c /tmp/ccdAi9uv.o
 .text.DrawGameWin
                0x0000000000000000      0x104 /tmp/ccdAi9uv.o
 .text.DrawGameLose
                0x0000000000000000      0x104 /tmp/ccdAi9uv.o
 .text.DisplayOutput
                0x0000000000000000       0x48 /tmp/ccdAi9uv.o
 .bss.displayBuffer
                0x0000000000000000       0xc0 /tmp/ccdAi9uv.o
 .bss.scoreTextBuffer
                0x0000000000000000       0x10 /tmp/ccdAi9uv.o
 .rodata.gameOverText
                0x0000000000000000        0xb /tmp/ccdAi9uv.o
 .rodata.gameWinText
                0x0000000000000000        0x9 /tmp/ccdAi9uv.o
 .rodata.scoreFormatText
                0x0000000000000000        0xa /tmp/ccdAi9uv.o
 .debug_info    0x0000000000000000      0x6bf /tmp/ccdAi9uv.o
 .debug_abbrev  0x0000000000000000      0x2b9 /tmp/ccdAi9uv.o
 .debug_loclists
                0x0000000000000000      0x299 /tmp/ccdAi9uv.o
 .debug_aranges
                0x0000000000000000       0x50 /tmp/ccdAi9uv.o
 .debug_rnglists
                0x0000000000000000       0x5f /tmp/ccdAi9uv.o
 .debug_macro   0x0000000000000000       0xf1 /tmp/ccdAi9uv.o
 .debug_macro   0x0000000000000000      0x76c /tmp/ccdAi9uv.o
 .debug_macro   0x0000000000000000       0x10 /tmp/ccdAi9uv.o
 .debug_macro   0x0000000000000000      0x105 /tmp/ccdAi9uv.o
 .debug_macro   0x0000000000000000       0x10 /tmp/ccdAi9uv.o
 .debug_macro   0x0000000000000000       0x27 /tmp/ccdAi9uv.o
 .debug_macro   0x0000000000000000      0x188 /tmp/ccdAi9uv.o
 .debug_macro   0x0000000000000000       0x1c /tmp/ccdAi9uv.o
 .debug_macro   0x0000000000000000       0x5f /tmp/ccdAi9uv.o
 .debug_macro   0x0000000000000000       0xb2 /tmp/ccdAi9uv.o
 .debug_macro   0x0000000000000000       0x4c /tmp/ccdAi9uv.o
 .debug_macro   0x0000000000000000       0x10 /tmp/ccdAi9uv.o
 .debug_macro   0x0000000000000000       0x97 /tmp/ccdAi9uv.o
 .debug_macro   0x0000000000000000       0x4c /tmp/ccdAi9uv.o
 .debug_macro   0x0000000000000000      0x34e /tmp/ccdAi9uv.o
 .debug_macro   0x0000000000000000       0x58 /tmp/ccdAi9uv.o
 .debug_macro   0x0000000000000000       0x10 /tmp/ccdAi9uv.o
 .debug_macro   0x0000000000000000       0x22 /tmp/ccdAi9uv.o
 .debug_line    0x0000000000000000      0x502 /tmp/ccdAi9uv.o
 .debug_str     0x0000000000000000     0x4b18 /tmp/ccdAi9uv.o
 .debug_line_str
                0x0000000000000000      0x3af /tmp/ccdAi9uv.o
 .comment       0x0000000000000000       0x10 /tmp/ccdAi9uv.o
 .note.GNU-stack
                0x0000000000000000        0x0 /tmp/ccdAi9uv.o
 .debug_frame   0x0000000000000000       0xc8 /tmp/ccdAi9uv.o
 .group         0x0000000000000000        0xc /tmp/ccifToyo.o
 .group         0x0000000000000000        0xc /tmp/ccifToyo.o
 .group         0x0000000000000000        0xc /tmp/ccifToyo.o
 .group         0x0000000000000000        0xc /tmp/ccifToyo.o
 .text          0x0000000000000000        0x0 /tmp/ccifToyo.o
 .data          0x0000000000000000        0x0 /tmp/ccifToyo.o
 .bss           0x0000000000000000        0x0 /tmp/ccifToyo.o
 .text.spawnFood
                0x0000000000000000       0xe0 /tmp/ccifToyo.o
 .text.GameInit
                0x0000000000000000       0x84 /tmp/ccifToyo.o
 .text.GameUpdate
                0x0000000000000000      0x144 /tmp/ccifToyo.o
 .text.GameFinish
                0x0000000000000000        0x4 /tmp/ccifToyo.o
 .sdata.randomSeed
                0x0000000000000000        0x4 /tmp/ccifToyo.o
 .debug_info    0x0000000000000000      0x325 /tmp/ccifToyo.o
 .debug_abbrev  0x0000000000000000      0x1fe /tmp/ccifToyo.o
 .debug_loclists
                0x0000000000000000      0x16e /tmp/ccifToyo.o
 .debug_aranges
                0x0000000000000000       0x38 /tmp/ccifToyo.o
 .debug_rnglists
                0x0000000000000000       0x57 /tmp/ccifToyo.o
 .debug_macro   0x0000000000000000       0x50 /tmp/ccifToyo.o
 .debug_macro   0x0000000000000000      0x76c /tmp/ccifToyo.o
 .debug_macro   0x0000000000000000      0x34e /tmp/ccifToyo.o
 .debug_macro   0x0000000000000000       0x4c /tmp/ccifToyo.o
 .debug_macro   0x0000000000000000       0x16 /tmp/ccifToyo.o
 .debug_line    0x0000000000000000      0x4ed /tmp/ccifToyo.o
 .debug_str     0x0000000000000000     0x31fc /tmp/ccifToyo.o
 .debug_line_str
                0x0000000000000000      0x17d /tmp/ccifToyo.o
 .comment       0x0000000000000000       0x10 /tmp/ccifToyo.o
 .note.GNU-stack
                0x0000000000000000        0x0 /tmp/ccifToyo.o
 .debug_frame   0x0000000000000000       0x84 /tmp/ccifToyo.o
 .group         0x0000000000000000        0xc /tmp/ccXkmjFh.o
 .group         0x0000000000000000        0xc /tmp/ccXkmjFh.o
 .group         0x0000000000000000        0xc /tmp/ccXkmjFh.o
 .group         0x0000000000000000        0xc /tmp/ccXkmjFh.o
 .text          0x0000000000000000        0x0 /tmp/ccXkmjFh.o
 .data          0x0000000000000000        0x0 /tmp/ccXkmjFh.o
 .bss           0x0000000000000000        0x0 /tmp/ccXkmjFh.o
 .text.GetInput
                0x0000000000000000       0xb4 /tmp/ccXkmjFh.o
 .debug_info    0x0000000000000000      0x195 /tmp/ccXkmjFh.o
 .debug_abbrev  0x0000000000000000      0x12c /tmp/ccXkmjFh.o
 .debug_loclists
                0x0000000000000000       0x31 /tmp/ccXkmjFh.o
 .debug_aranges
                0x0000000000000000       0x20 /tmp/ccXkmjFh.o
 .debug_rnglists
                0x0000000000000000       0x16 /tmp/ccXkmjFh.o
 .debug_macro   0x0000000000000000       0x59 /tmp/ccXkmjFh.o
 .debug_macro   0x0000000000000000      0x76c /tmp/ccXkmjFh.o
 .debug_macro   0x0000000000000000      0x34e /tmp/ccXkmjFh.o
 .debug_macro   0x0000000000000000       0x4c /tmp/ccXkmjFh.o
 .debug_macro   0x0000000000000000       0x22 /tmp/ccXkmjFh.o
 .debug_line    0x0000000000000000      0x123 /tmp/ccXkmjFh.o
 .debug_str     0x0000000000000000     0x322d /tmp/ccXkmjFh.o
 .debug_line_str
                0x0000000000000000      0x181 /tmp/ccXkmjFh.o
 .comment       0x0000000000000000       0x10 /tmp/ccXkmjFh.o
 .note.GNU-stack
                0x0000000000000000        0x0 /tmp/ccXkmjFh.o
 .debug_frame   0x0000000000000000       0x2c /tmp/ccXkmjFh.o
 .group         0x0000000000000000        0xc /tmp/ccFWI8Qa.o
 .group         0x0000000000000000        0xc /tmp/ccFWI8Qa.o
 .group         0x0000000000000000        0xc /tmp/ccFWI8Qa.o
 .text          0x0000000000000000        0x0 /tmp/ccFWI8Qa.o
 .data          0x0000000000000000        0x0 /tmp/ccFWI8Qa.o
 .bss           0x0000000000000000        0x0 /tmp/ccFWI8Qa.o
 .text.mini_strlen
                0x0000000000000000       0x20 /tmp/ccFWI8Qa.o
 .text.mini_itoa
                0x0000000000000000      0x16c /tmp/ccFWI8Qa.o
 .text._putc    0x0000000000000000       0x3c /tmp/ccFWI8Qa.o
 .text._puts    0x0000000000000000       0x58 /tmp/ccFWI8Qa.o
 .text.mini_vsnprintf
                0x0000000000000000      0x1ec /tmp/ccFWI8Qa.o
 .rodata.mini_vsnprintf
                0x0000000000000000       0x84 /tmp/ccFWI8Qa.o
 .text.mini_snprintf
                0x0000000000000000       0x38 /tmp/ccFWI8Qa.o
 .debug_info    0x0000000000000000      0x483 /tmp/ccFWI8Qa.o
 .debug_abbrev  0x0000000000000000      0x196 /tmp/ccFWI8Qa.o
 .debug_loclists
                0x0000000000000000      0x4fe /tmp/ccFWI8Qa.o
 .debug_aranges
                0x0000000000000000       0x48 /tmp/ccFWI8Qa.o
 .debug_rnglists
                0x0000000000000000       0x5f /tmp/ccFWI8Qa.o
 .debug_macro   0x0000000000000000       0x29 /tmp/ccFWI8Qa.o
 .debug_macro   0x0000000000000000      0x76c /tmp/ccFWI8Qa.o
 .debug_macro   0x0000000000000000       0x58 /tmp/ccFWI8Qa.o
 .debug_macro   0x0000000000000000       0x10 /tmp/ccFWI8Qa.o
 .debug_line    0x0000000000000000      0x7a2 /tmp/ccFWI8Qa.o
 .debug_str     0x0000000000000000     0x2792 /tmp/ccFWI8Qa.o
 .debug_line_str
                0x0000000000000000      0x165 /tmp/ccFWI8Qa.o
 .comment       0x0000000000000000       0x10 /tmp/ccFWI8Qa.o
 .note.GNU-stack
                0x0000000000000000        0x0 /tmp/ccFWI8Qa.o
 .debug_frame   0x0000000000000000       0xc4 /tmp/ccFWI8Qa.o
 .group         0x0000000000000000        0xc /tmp/ccfett73.o
 .group         0x0000000000000000        0xc /tmp/ccfett73.o
 .group         0x0000000000000000        0xc /tmp/ccfett73.o
 .group         0x0000000000000000        0xc /tmp/ccfett73.o
 .text          0x0000000000000000        0x0 /tmp/ccfett73.o
 .data          0x0000000000000000        0x0 /tmp/ccfett73.o
 .bss           0x0000000000000000        0x0 /tmp/ccfett73.o
 .text.Setup    0x0000000000000000       0x24 /tmp/ccfett73.o
 .text.Loop     0x0000000000000000       0x90 /tmp/ccfett73.o
 .text.Finish   0x0000000000000000       0x24 /tmp/ccfett73.o
 .bss.game      0x0000000000000000      0x214 /tmp/ccfett73.o
 .debug_info    0x0000000000000000      0x25c /tmp/ccfett73.o
 .debug_abbrev  0x0000000000000000      0x178 /tmp/ccfett73.o
 .debug_loclists
                0x0000000000000000       0x2e /tmp/ccfett73.o
 .debug_aranges
                0x0000000000000000       0x30 /tmp/ccfett73.o
 .debug_rnglists
                0x0000000000000000       0x28 /tmp/ccfett73.o
 .debug_macro   0x0000000000000000       0x64 /tmp/ccfett73.o
 .debug_macro   0x0000000000000000      0x76c /tmp/ccfett73.o
 .debug_macro   0x0000000000000000      0x34e /tmp/ccfett73.o
 .debug_macro   0x0000000000000000       0x4c /tmp/ccfett73.o
 .debug_macro   0x0000000000000000       0x16 /tmp/ccfett73.o
 .debug_line    0x0000000000000000      0x11d /tmp/ccfett73.o
 .debug_str     0x0000000000000000     0x31fd /tmp/ccfett73.o
 .debug_line_str
                0x0000000000000000      0x193 /tmp/ccfett73.o
 .comment       0x0000000000000000       0x10 /tmp/ccfett73.o
 .note.GNU-stack
                0x0000000000000000        0x0 /tmp/ccfett73.o
 .debug_frame   0x0000000000000000       0x6c /tmp/ccfett73.o
 .group         0x0000000000000000        0xc /tmp/ccSuNKqX.o
 .group         0x0000000000000000        0xc /tmp/ccSuNKqX.o
 .group         0x0000000000000000        0xc /tmp/ccSuNKqX.o
 .text          0x0000000000000000        0x0 /tmp/ccSuNKqX.o
 .data          0x0000000000000000        0x0 /tmp/ccSuNKqX.o
 .bss           0x0000000000000000        0x0 /tmp/ccSuNKqX.o
 .text.GetMicros
                0x0000000000000000       0x74 /tmp/ccSuNKqX.o
 .text.GetMillis
                0x0000000000000000       0x28 /tmp/ccSuNKqX.o
 .debug_info    0x0000000000000000      0x146 /tmp/ccSuNKqX.o
 .debug_abbrev  0x0000000000000000       0xc1 /tmp/ccSuNKqX.o
 .debug_loclists
                0x0000000000000000       0x41 /tmp/ccSuNKqX.o
 .debug_aranges
                0x0000000000000000       0x28 /tmp/ccSuNKqX.o
 .debug_rnglists
                0x0000000000000000       0x1f /tmp/ccSuNKqX.o
 .debug_macro   0x0000000000000000       0x37 /tmp/ccSuNKqX.o
 .debug_macro   0x0000000000000000      0x76c /tmp/ccSuNKqX.o
 .debug_macro   0x0000000000000000      0x34e /tmp/ccSuNKqX.o
 .debug_macro   0x0000000000000000       0x4c /tmp/ccSuNKqX.o
 .debug_line    0x0000000000000000       0xf8 /tmp/ccSuNKqX.o
 .debug_str     0x0000000000000000     0x314f /tmp/ccSuNKqX.o
 .debug_line_str
                0x0000000000000000      0x16c /tmp/ccSuNKqX.o
 .comment       0x0000000000000000       0x10 /tmp/ccSuNKqX.o
 .note.GNU-stack
                0x0000000000000000        0x0 /tmp/ccSuNKqX.o
 .debug_frame   0x0000000000000000       0x48 /tmp/ccSuNKqX.o
 .group         0x0000000000000000        0xc /tmp/cctmFqNQ.o
 .group         0x0000000000000000        0xc /tmp/cctmFqNQ.o
 .group         0x0000000000000000        0xc /tmp/cctmFqNQ.o
 .group         0x0000000000000000        0xc /tmp/cctmFqNQ.o
 .text          0x0000000000000000        0x0 /tmp/cctmFqNQ.o
 .data          0x0000000000000000        0x0 /tmp/cctmFqNQ.o
 .bss           0x0000000000000000        0x0 /tmp/cctmFqNQ.o
 .text.UARTReadWait
                0x0000000000000000       0x6c /tmp/cctmFqNQ.o
 .debug_info    0x0000000000000000      0x227 /tmp/cctmFqNQ.o
 .debug_abbrev  0x0000000000000000      0x19b /tmp/cctmFqNQ.o
 .debug_loclists
                0x0000000000000000       0xc2 /tmp/cctmFqNQ.o
 .debug_aranges
                0x0000000000000000       0x30 /tmp/cctmFqNQ.o
 .debug_rnglists
                0x0000000000000000       0x28 /tmp/cctmFqNQ.o
 .debug_macro   0x0000000000000000       0x46 /tmp/cctmFqNQ.o
 .debug_macro   0x0000000000000000      0x76c /tmp/cctmFqNQ.o
 .debug_macro   0x0000000000000000      0x34e /tmp/cctmFqNQ.o
 .debug_macro   0x0000000000000000       0x4c /tmp/cctmFqNQ.o
 .debug_macro   0x0000000000000000       0x22 /tmp/cctmFqNQ.o
 .debug_line    0x0000000000000000      0x1c0 /tmp/cctmFqNQ.o
 .debug_str     0x0000000000000000     0x3253 /tmp/cctmFqNQ.o
 .debug_line_str
                0x0000000000000000      0x173 /tmp/cctmFqNQ.o
 .debug_frame   0x0000000000000000       0x58 /tmp/cctmFqNQ.o
 .group         0x0000000000000000        0xc /tmp/ccCc9FcK.o
 .text          0x0000000000000000        0x0 /tmp/ccCc9FcK.o
 .data          0x0000000000000000        0x0 /tmp/ccCc9FcK.o
 .bss           0x0000000000000000        0x0 /tmp/ccCc9FcK.o
 .text.Vector2Add
                0x0000000000000000       0x34 /tmp/ccCc9FcK.o
 .text.Vector2Subtract
                0x0000000000000000       0x34 /tmp/ccCc9FcK.o
 .debug_info    0x0000000000000000       0xde /tmp/ccCc9FcK.o
 .debug_abbrev  0x0000000000000000       0xb1 /tmp/ccCc9FcK.o
 .debug_aranges
                0x0000000000000000       0x28 /tmp/ccCc9FcK.o
 .debug_rnglists
                0x0000000000000000       0x1f /tmp/ccCc9FcK.o
 .debug_macro   0x0000000000000000       0x1b /tmp/ccCc9FcK.o
 .debug_macro   0x0000000000000000      0x76c /tmp/ccCc9FcK.o
 .debug_line    0x0000000000000000       0xe7 /tmp/ccCc9FcK.o
 .debug_str     0x0000000000000000     0x2571 /tmp/ccCc9FcK.o
 .debug_line_str
                0x0000000000000000       0xcc /tmp/ccCc9FcK.o
 .comment       0x0000000000000000       0x10 /tmp/ccCc9FcK.o
 .note.GNU-stack
                0x0000000000000000        0x0 /tmp/ccCc9FcK.o
 .debug_frame   0x0000000000000000       0x40 /tmp/ccCc9FcK.o
 .text          0x0000000000000000        0x0 /tmp/cckGkeCD.o
 .data          0x0000000000000000        0x0 /tmp/cckGkeCD.o
 .bss           0x0000000000000000        0x0 /tmp/cckGkeCD.o
 .debug_line    0x0000000000000000       0xd2 /tmp/cckGkeCD.o
 .debug_line_str
                0x0000000000000000       0x70 /tmp/cckGkeCD.o
 .debug_info    0x0000000000000000       0x25 /tmp/cckGkeCD.o
 .debug_abbrev  0x0000000000000000       0x14 /tmp/cckGkeCD.o
 .debug_aranges
                0x0000000000000000       0x20 /tmp/cckGkeCD.o
 .debug_str     0x0000000000000000       0x57 /tmp/cckGkeCD.o
 .eh_frame      0x0000000000000000       0x2c /tmp/cckGkeCD.o
 .group         0x0000000000000000        0xc /tmp/ccHWFt6w.o
 .group         0x0000000000000000        0xc /tmp/ccHWFt6w.o
 .group         0x0000000000000000        0xc /tmp/ccHWFt6w.o
 .group         0x0000000000000000        0xc /tmp/ccHWFt6w.o
 .group         0x0000000000000000        0xc /tmp/ccHWFt6w.o
 .text          0x0000000000000000        0x0 /tmp/ccHWFt6w.o
 .data          0x0000000000000000        0x0 /tmp/ccHWFt6w.o
 .bss           0x0000000000000000        0x0 /tmp/ccHWFt6w.o
 .debug_info    0x0000000000000000      0x241 /tmp/ccHWFt6w.o
 .debug_abbrev  0x0000000000000000      0x145 /tmp/ccHWFt6w.o
 .debug_loclists
                0x0000000000000000       0xa7 /tmp/ccHWFt6w.o
 .debug_aranges
                0x0000000000000000       0x20 /tmp/ccHWFt6w.o
 .debug_rnglists
                0x0000000000000000       0x16 /tmp/ccHWFt6w.o
 .debug_macro   0x0000000000000000       0x85 /tmp/ccHWFt6w.o
 .debug_macro   0x0000000000000000      0x76c /tmp/ccHWFt6w.o
 .debug_macro   0x0000000000000000      0x34e /tmp/ccHWFt6w.o
 .debug_macro   0x0000000000000000       0x4c /tmp/ccHWFt6w.o
 .debug_macro   0x0000000000000000       0x16 /tmp/ccHWFt6w.o
 .debug_macro   0x0000000000000000       0x22 /tmp/ccHWFt6w.o
 .debug_line    0x0000000000000000      0x127 /tmp/ccHWFt6w.o
 .debug_str     0x0000000000000000     0x3287 /tmp/ccHWFt6w.o
 .debug_line_str
                0x0000000000000000      0x19b /tmp/ccHWFt6w.o
 .debug_frame   0x0000000000000000       0x2c /tmp/ccHWFt6w.o
 .text          0x0000000000000000      0x6c0 /foss/tools/riscv-gnu-toolchain-rv32i/217e7f3debe424d61374d31e33a091a630535937/lib/gcc/riscv32-unknown-linux-gnu/11.1.0/libgcc.a(_udivdi3.o)
 .data          0x0000000000000000        0x0 /foss/tools/riscv-gnu-toolchain-rv32i/217e7f3debe424d61374d31e33a091a630535937/lib/gcc/riscv32-unknown-linux-gnu/11.1.0/libgcc.a(_udivdi3.o)
 .bss           0x0000000000000000        0x0 /foss/tools/riscv-gnu-toolchain-rv32i/217e7f3debe424d61374d31e33a091a630535937/lib/gcc/riscv32-unknown-linux-gnu/11.1.0/libgcc.a(_udivdi3.o)
 .debug_info    0x0000000000000000      0x93c /foss/tools/riscv-gnu-toolchain-rv32i/217e7f3debe424d61374d31e33a091a630535937/lib/gcc/riscv32-unknown-linux-gnu/11.1.0/libgcc.a(_udivdi3.o)
 .debug_abbrev  0x0000000000000000      0x1d0 /foss/tools/riscv-gnu-toolchain-rv32i/217e7f3debe424d61374d31e33a091a630535937/lib/gcc/riscv32-unknown-linux-gnu/11.1.0/libgcc.a(_udivdi3.o)
 .debug_loclists
                0x0000000000000000      0xedb /foss/tools/riscv-gnu-toolchain-rv32i/217e7f3debe424d61374d31e33a091a630535937/lib/gcc/riscv32-unknown-linux-gnu/11.1.0/libgcc.a(_udivdi3.o)
 .debug_aranges
                0x0000000000000000       0x20 /foss/tools/riscv-gnu-toolchain-rv32i/217e7f3debe424d61374d31e33a091a630535937/lib/gcc/riscv32-unknown-linux-gnu/11.1.0/libgcc.a(_udivdi3.o)
 .debug_rnglists
                0x0000000000000000      0x188 /foss/tools/riscv-gnu-toolchain-rv32i/217e7f3debe424d61374d31e33a091a630535937/lib/gcc/riscv32-unknown-linux-gnu/11.1.0/libgcc.a(_udivdi3.o)
 .debug_line    0x0000000000000000      0x7b3 /foss/tools/riscv-gnu-toolchain-rv32i/217e7f3debe424d61374d31e33a091a630535937/lib/gcc/riscv32-unknown-linux-gnu/11.1.0/libgcc.a(_udivdi3.o)
 .debug_str     0x0000000000000000      0x276 /foss/tools/riscv-gnu-toolchain-rv32i/217e7f3debe424d61374d31e33a091a630535937/lib/gcc/riscv32-unknown-linux-gnu/11.1.0/libgcc.a(_udivdi3.o)
 .debug_line_str
                0x0000000000000000      0x131 /foss/tools/riscv-gnu-toolchain-rv32i/217e7f3debe424d61374d31e33a091a630535937/lib/gcc/riscv32-unknown-linux-gnu/11.1.0/libgcc.a(_udivdi3.o)
 .comment       0x0000000000000000       0x10 /foss/tools/riscv-gnu-toolchain-rv32i/217e7f3debe424d61374d31e33a091a630535937/lib/gcc/riscv32-unknown-linux-gnu/11.1.0/libgcc.a(_udivdi3.o)
 .note.GNU-stack
                0x0000000000000000        0x0 /foss/tools/riscv-gnu-toolchain-rv32i/217e7f3debe424d61374d31e33a091a630535937/lib/gcc/riscv32-unknown-linux-gnu/11.1.0/libgcc.a(_udivdi3.o)
 .eh_frame      0x0000000000000000       0x60 /foss/tools/riscv-gnu-toolchain-rv32i/217e7f3debe424d61374d31e33a091a630535937/lib/gcc/riscv32-unknown-linux-gnu/11.1.0/libgcc.a(_udivdi3.o)
 .text          0x0000000000000000       0x24 /foss/tools/riscv-gnu-toolchain-rv32i/217e7f3debe424d61374d31e33a091a630535937/lib/gcc/riscv32-unknown-linux-gnu/11.1.0/libgcc.a(muldi3.o)
 .data          0x0000000000000000        0x0 /foss/tools/riscv-gnu-toolchain-rv32i/217e7f3debe424d61374d31e33a091a630535937/lib/gcc/riscv32-unknown-linux-gnu/11.1.0/libgcc.a(muldi3.o)
 .bss           0x0000000000000000        0x0 /foss/tools/riscv-gnu-toolchain-rv32i/217e7f3debe424d61374d31e33a091a630535937/lib/gcc/riscv32-unknown-linux-gnu/11.1.0/libgcc.a(muldi3.o)
 .debug_line    0x0000000000000000       0x7a /foss/tools/riscv-gnu-toolchain-rv32i/217e7f3debe424d61374d31e33a091a630535937/lib/gcc/riscv32-unknown-linux-gnu/11.1.0/libgcc.a(muldi3.o)
 .debug_line_str
                0x0000000000000000       0x66 /foss/tools/riscv-gnu-toolchain-rv32i/217e7f3debe424d61374d31e33a091a630535937/lib/gcc/riscv32-unknown-linux-gnu/11.1.0/libgcc.a(muldi3.o)
 .debug_info    0x0000000000000000       0x24 /foss/tools/riscv-gnu-toolchain-rv32i/217e7f3debe424d61374d31e33a091a630535937/lib/gcc/riscv32-unknown-linux-gnu/11.1.0/libgcc.a(muldi3.o)
 .debug_abbrev  0x0000000000000000       0x14 /foss/tools/riscv-gnu-toolchain-rv32i/217e7f3debe424d61374d31e33a091a630535937/lib/gcc/riscv32-unknown-linux-gnu/11.1.0/libgcc.a(muldi3.o)
 .debug_aranges
                0x0000000000000000       0x20 /foss/tools/riscv-gnu-toolchain-rv32i/217e7f3debe424d61374d31e33a091a630535937/lib/gcc/riscv32-unknown-linux-gnu/11.1.0/libgcc.a(muldi3.o)
 .debug_str     0x0000000000000000       0x6e /foss/tools/riscv-gnu-toolchain-rv32i/217e7f3debe424d61374d31e33a091a630535937/lib/gcc/riscv32-unknown-linux-gnu/11.1.0/libgcc.a(muldi3.o)
 .text          0x0000000000000000       0xb4 /foss/tools/riscv-gnu-toolchain-rv32i/217e7f3debe424d61374d31e33a091a630535937/lib/gcc/riscv32-unknown-linux-gnu/11.1.0/libgcc.a(div.o)
 .data          0x0000000000000000        0x0 /foss/tools/riscv-gnu-toolchain-rv32i/217e7f3debe424d61374d31e33a091a630535937/lib/gcc/riscv32-unknown-linux-gnu/11.1.0/libgcc.a(div.o)
 .bss           0x0000000000000000        0x0 /foss/tools/riscv-gnu-toolchain-rv32i/217e7f3debe424d61374d31e33a091a630535937/lib/gcc/riscv32-unknown-linux-gnu/11.1.0/libgcc.a(div.o)
 .debug_line    0x0000000000000000      0x153 /foss/tools/riscv-gnu-toolchain-rv32i/217e7f3debe424d61374d31e33a091a630535937/lib/gcc/riscv32-unknown-linux-gnu/11.1.0/libgcc.a(div.o)
 .debug_line_str
                0x0000000000000000       0x60 /foss/tools/riscv-gnu-toolchain-rv32i/217e7f3debe424d61374d31e33a091a630535937/lib/gcc/riscv32-unknown-linux-gnu/11.1.0/libgcc.a(div.o)
 .debug_info    0x0000000000000000       0x25 /foss/tools/riscv-gnu-toolchain-rv32i/217e7f3debe424d61374d31e33a091a630535937/lib/gcc/riscv32-unknown-linux-gnu/11.1.0/libgcc.a(div.o)
 .debug_abbrev  0x0000000000000000       0x14 /foss/tools/riscv-gnu-toolchain-rv32i/217e7f3debe424d61374d31e33a091a630535937/lib/gcc/riscv32-unknown-linux-gnu/11.1.0/libgcc.a(div.o)
 .debug_aranges
                0x0000000000000000       0x20 /foss/tools/riscv-gnu-toolchain-rv32i/217e7f3debe424d61374d31e33a091a630535937/lib/gcc/riscv32-unknown-linux-gnu/11.1.0/libgcc.a(div.o)
 .debug_str     0x0000000000000000       0x6b /foss/tools/riscv-gnu-toolchain-rv32i/217e7f3debe424d61374d31e33a091a630535937/lib/gcc/riscv32-unknown-linux-gnu/11.1.0/libgcc.a(div.o)
 .text          0x0000000000000000        0x0 /foss/tools/riscv-gnu-toolchain-rv32i/217e7f3debe424d61374d31e33a091a630535937/lib/gcc/riscv32-unknown-linux-gnu/11.1.0/libgcc.a(_clz.o)
 .data          0x0000000000000000        0x0 /foss/tools/riscv-gnu-toolchain-rv32i/217e7f3debe424d61374d31e33a091a630535937/lib/gcc/riscv32-unknown-linux-gnu/11.1.0/libgcc.a(_clz.o)
 .bss           0x0000000000000000        0x0 /foss/tools/riscv-gnu-toolchain-rv32i/217e7f3debe424d61374d31e33a091a630535937/lib/gcc/riscv32-unknown-linux-gnu/11.1.0/libgcc.a(_clz.o)
 .rodata        0x0000000000000000      0x100 /foss/tools/riscv-gnu-toolchain-rv32i/217e7f3debe424d61374d31e33a091a630535937/lib/gcc/riscv32-unknown-linux-gnu/11.1.0/libgcc.a(_clz.o)
 .debug_info    0x0000000000000000       0xd8 /foss/tools/riscv-gnu-toolchain-rv32i/217e7f3debe424d61374d31e33a091a630535937/lib/gcc/riscv32-unknown-linux-gnu/11.1.0/libgcc.a(_clz.o)
 .debug_abbrev  0x0000000000000000       0x70 /foss/tools/riscv-gnu-toolchain-rv32i/217e7f3debe424d61374d31e33a091a630535937/lib/gcc/riscv32-unknown-linux-gnu/11.1.0/libgcc.a(_clz.o)
 .debug_aranges
                0x0000000000000000       0x18 /foss/tools/riscv-gnu-toolchain-rv32i/217e7f3debe424d61374d31e33a091a630535937/lib/gcc/riscv32-unknown-linux-gnu/11.1.0/libgcc.a(_clz.o)
 .debug_line    0x0000000000000000       0x3f /foss/tools/riscv-gnu-toolchain-rv32i/217e7f3debe424d61374d31e33a091a630535937/lib/gcc/riscv32-unknown-linux-gnu/11.1.0/libgcc.a(_clz.o)
 .debug_str     0x0000000000000000      0x19a /foss/tools/riscv-gnu-toolchain-rv32i/217e7f3debe424d61374d31e33a091a630535937/lib/gcc/riscv32-unknown-linux-gnu/11.1.0/libgcc.a(_clz.o)
 .debug_line_str
                0x0000000000000000      0x131 /foss/tools/riscv-gnu-toolchain-rv32i/217e7f3debe424d61374d31e33a091a630535937/lib/gcc/riscv32-unknown-linux-gnu/11.1.0/libgcc.a(_clz.o)
 .comment       0x0000000000000000       0x10 /foss/tools/riscv-gnu-toolchain-rv32i/217e7f3debe424d61374d31e33a091a630535937/lib/gcc/riscv32-unknown-linux-gnu/11.1.0/libgcc.a(_clz.o)
 .note.GNU-stack
                0x0000000000000000        0x0 /foss/tools/riscv-gnu-toolchain-rv32i/217e7f3debe424d61374d31e33a091a630535937/lib/gcc/riscv32-unknown-linux-gnu/11.1.0/libgcc.a(_clz.o)
 .text          0x0000000000000000       0xac /foss/tools/riscv-gnu-toolchain-rv32i/217e7f3debe424d61374d31e33a091a630535937/sysroot/usr/lib/libc.a(strlen.o)
 .data          0x0000000000000000        0x0 /foss/tools/riscv-gnu-toolchain-rv32i/217e7f3debe424d61374d31e33a091a630535937/sysroot/usr/lib/libc.a(strlen.o)
 .bss           0x0000000000000000        0x0 /foss/tools/riscv-gnu-toolchain-rv32i/217e7f3debe424d61374d31e33a091a630535937/sysroot/usr/lib/libc.a(strlen.o)
 .debug_info    0x0000000000000000      0x11b /foss/tools/riscv-gnu-toolchain-rv32i/217e7f3debe424d61374d31e33a091a630535937/sysroot/usr/lib/libc.a(strlen.o)
 .debug_abbrev  0x0000000000000000       0xc4 /foss/tools/riscv-gnu-toolchain-rv32i/217e7f3debe424d61374d31e33a091a630535937/sysroot/usr/lib/libc.a(strlen.o)
 .debug_loclists
                0x0000000000000000      0x15f /foss/tools/riscv-gnu-toolchain-rv32i/217e7f3debe424d61374d31e33a091a630535937/sysroot/usr/lib/libc.a(strlen.o)
 .debug_aranges
                0x0000000000000000       0x20 /foss/tools/riscv-gnu-toolchain-rv32i/217e7f3debe424d61374d31e33a091a630535937/sysroot/usr/lib/libc.a(strlen.o)
 .debug_rnglists
                0x0000000000000000       0x31 /foss/tools/riscv-gnu-toolchain-rv32i/217e7f3debe424d61374d31e33a091a630535937/sysroot/usr/lib/libc.a(strlen.o)
 .debug_line    0x0000000000000000      0x1fa /foss/tools/riscv-gnu-toolchain-rv32i/217e7f3debe424d61374d31e33a091a630535937/sysroot/usr/lib/libc.a(strlen.o)
 .debug_str     0x0000000000000000      0x1a9 /foss/tools/riscv-gnu-toolchain-rv32i/217e7f3debe424d61374d31e33a091a630535937/sysroot/usr/lib/libc.a(strlen.o)
 .debug_line_str
                0x0000000000000000      0x100 /foss/tools/riscv-gnu-toolchain-rv32i/217e7f3debe424d61374d31e33a091a630535937/sysroot/usr/lib/libc.a(strlen.o)
 .comment       0x0000000000000000       0x13 /foss/tools/riscv-gnu-toolchain-rv32i/217e7f3debe424d61374d31e33a091a630535937/sysroot/usr/lib/libc.a(strlen.o)
 .note.GNU-stack
                0x0000000000000000        0x0 /foss/tools/riscv-gnu-toolchain-rv32i/217e7f3debe424d61374d31e33a091a630535937/sysroot/usr/lib/libc.a(strlen.o)
 .debug_frame   0x0000000000000000       0x20 /foss/tools/riscv-gnu-toolchain-rv32i/217e7f3debe424d61374d31e33a091a630535937/sysroot/usr/lib/libc.a(strlen.o)

Memory Configuration

Name             Origin             Length             Attributes
ROM              0x0000000014000000 0x0000000000800000 xr
RAM              0x0000000000000000 0x0000000000001000 xrw
*default*        0x0000000000000000 0xffffffffffffffff

Linker script and memory map

                0x0000000000000200                _stack_size = DEFINED (_stack_size)?_stack_size:0x200

.text           0x0000000014000000      0x108
                0x0000000014000000                . = ALIGN (0x4)
                [!provide]                        PROVIDE (_stext = .)
 *(.vectors*)
 .vectors       0x0000000014000000       0x70 /tmp/cckGkeCD.o
                0x0000000014000000                _start
 *(.rodata*)
 .rodata.main.str1.4
                0x0000000014000070        0xe /tmp/ccHWFt6w.o
 *(.srodata*)
 *(.text*)
 *fill*         0x000000001400007e        0x2 
 .text.UARTInit
                0x0000000014000080       0x14 /tmp/cctmFqNQ.o
                0x0000000014000080                UARTInit
 .text.UARTWrite
                0x0000000014000094       0x18 /tmp/cctmFqNQ.o
                0x0000000014000094                UARTWrite
 .text.main     0x00000000140000ac       0x5c /tmp/ccHWFt6w.o
                0x00000000140000ac                main
 *(.plt*)
 *(.interp*)
 *(.dynsym*)
 *(.dynstr*)
 *(.hash*)
 *(.gnu*)
 *(.eh_frame_hdr*)
 .eh_frame_hdr  0x0000000014000108        0x0 /tmp/cckGkeCD.o
 *(.rela*)
 .rela.vectors  0x0000000014000108        0x0 /tmp/cctmFqNQ.o
                0x0000000014000108                . = ALIGN (0x4)
                0x0000000014000108                _etext = .

.data           0x0000000000000000        0x0 load address 0x0000000014000108
                0x0000000000000000                . = ALIGN (0x4)
                0x0000000000000000                _sdata = .
                0x0000000000000800                PROVIDE (_global_pointer$ = (. + 0x800))
 *(.ramtext*)
 *(.sdata*)
 *(.rdata*)
 *(.data*)
                0x0000000000000000                . = ALIGN (0x4)
                0x0000000000000000                _edata = .
                0x0000000014000108                _sidata = LOADADDR (.data)

.bss            0x0000000000000000        0x0 load address 0x0000000014000108
                0x0000000000000000                . = ALIGN (0x4)
                0x0000000000000000                _sbss = .
 *(.sbss*)
 *(.bss*)
 *(COMMON)
                0x0000000000000000                . = ALIGN (0x4)
                0x0000000000000000                _ebss = .

.heap           0x0000000000000000        0x0 load address 0x0000000014000108
                0x0000000000000000                . = ALIGN (0x4)
                0x0000000000000000                _heap_start = .

.stack          0x0000000000000e00      0x200
                [!provide]                        PROVIDE (_heap_end = .)
                0x0000000000000200                . = _stack_size
 *fill*         0x0000000000000e00      0x200 
                0x0000000000001000                _stack_top = .
                [!provide]                        PROVIDE (_end = .)
LOAD /foss/tools/riscv-gnu-toolchain-rv32i/217e7f3debe424d61374d31e33a091a630535937/sysroot/usr/lib/libc.a
LOAD /foss/tools/riscv-gnu-toolchain-rv32i/217e7f3debe424d61374d31e33a091a630535937/sysroot/usr/lib/libm.a
LOAD /tmp/ccdAi9uv.o
LOAD /tmp/ccifToyo.o
LOAD /tmp/ccXkmjFh.o
LOAD /tmp/ccFWI8Qa.o
LOAD /tmp/ccfett73.o
LOAD /tmp/ccSuNKqX.o
LOAD /tmp/cctmFqNQ.o
LOAD /tmp/ccCc9FcK.o
LOAD /tmp/cckGkeCD.o
LOAD /tmp/ccHWFt6w.o
LOAD /foss/tools/riscv-gnu-toolchain-rv32i/217e7f3debe424d61374d31e33a091a630535937/lib/gcc/riscv32-unknown-linux-gnu/11.1.0/libgcc.a
LOAD /foss/tools/riscv-gnu-toolchain-rv32i/217e7f3debe424d61374d31e33a091a630535937/lib/gcc/riscv32-unknown-linux-gnu/11.1.0/libgcc_eh.a
LOAD /foss/tools/riscv-gnu-toolchain-rv32i/217e7f3debe424d61374d31e33a091a630535937/sysroot/usr/lib/libc.a
LOAD /foss/tools/riscv-gnu-toolchain-rv32i/217e7f3debe424d61374d31e33a091a630535937/lib/gcc/riscv32-unknown-linux-gnu/11.1.0/libgcc.a
LOAD /foss/tools/riscv-gnu-toolchain-rv32i/217e7f3debe424d61374d31e33a091a630535937/lib/gcc/riscv32-unknown-linux-gnu/11.1.0/libgcc_eh.a
OUTPUT(snakeUART.elf elf32-littleriscv)

.comment        0x0000000000000000        0xf
 .comment       0x0000000000000000        0xf /tmp/cctmFqNQ.o
                                         0x10 (size before relaxing)
 .comment       0x000000000000000f       0x10 /tmp/ccHWFt6w.o

.note.GNU-stack
                0x0000000000000000        0x0
 .note.GNU-stack
                0x0000000000000000        0x0 /tmp/cctmFqNQ.o
 .note.GNU-stack
                0x0000000000000000        0x0 /tmp/ccHWFt6w.o
